// Jest Snapshot v1, https://goo.gl/fbAQLP

exports[`Footer Snapshot Comprobar la UI del componente Footer 1`] = `
<footer
  className="Footer"
>
  <p
    className="Footer-title"
  >
    Platzi Conf Merch
  </p>
  <p
    className="Footer-copy"
  >
    Todos los Izquierdos Reservados.
  </p>
</footer>
`;
